2026-09-01 22:13:52,151 __main__ INFO Qwen_Qwen2.5-0.5B-Instruct__aqua: real=0.2325 null=0.2325 dependence=0.0000
2026-09-01 22:13:52,201 __main__ INFO Qwen_Qwen2.5-0.5B-Instruct__arc_challenge: real=0.4235 null=0.2271 dependence=0.1964
2026-09-01 22:13:52,249 __main__ INFO Qwen_Qwen2.5-0.5B-Instruct__hellaswag: real=0.3455 null=0.2478 dependence=0.0977
2026-09-01 22:13:52,302 __main__ INFO Qwen_Qwen2.5-0.5B-Instruct__logiqa: real=0.3205 null=0.2877 dependence=0.0328
2026-09-01 22:13:52,347 __main__ INFO Qwen_Qwen2.5-0.5B-Instruct__openbookqa: real=0.4295 null=0.2504 dependence=0.1791
2026-09-01 22:13:52,396 __main__ INFO Qwen_Qwen2.5-1.5B-Instruct__aqua: real=0.2960 null=0.1838 dependence=0.1122
2026-09-01 22:13:52,440 __main__ INFO Qwen_Qwen2.5-1.5B-Instruct__arc_challenge: real=0.7040 null=0.2372 dependence=0.4668
2026-09-01 22:13:52,484 __main__ INFO Qwen_Qwen2.5-1.5B-Instruct__hellaswag: real=0.6245 null=0.2503 dependence=0.3742
2026-09-01 22:13:52,533 __main__ INFO Qwen_Qwen2.5-1.5B-Instruct__logiqa: real=0.4570 null=0.2924 dependence=0.1646
2026-09-01 22:13:52,576 __main__ INFO Qwen_Qwen2.5-1.5B-Instruct__openbookqa: real=0.7465 null=0.2444 dependence=0.5021
2026-09-01 22:13:52,664 __main__ INFO Qwen_Qwen2.5-14B-Instruct__aqua: real=0.5434 null=0.2015 dependence=0.3419
2026-09-01 22:13:52,712 __main__ INFO Qwen_Qwen2.5-14B-Instruct__arc_challenge: real=0.9275 null=0.2389 dependence=0.6886
2026-09-01 22:13:52,760 __main__ INFO Qwen_Qwen2.5-14B-Instruct__hellaswag: real=0.8865 null=0.2475 dependence=0.6390
2026-09-01 22:13:52,815 __main__ INFO Qwen_Qwen2.5-14B-Instruct__logiqa: real=0.7880 null=0.2548 dependence=0.5332
2026-09-01 22:13:52,860 __main__ INFO Qwen_Qwen2.5-14B-Instruct__openbookqa: real=0.9167 null=0.2476 dependence=0.6691
2026-09-01 22:13:52,908 __main__ INFO Qwen_Qwen2.5-32B-Instruct__aqua: real=0.6222 null=0.2054 dependence=0.4169
2026-09-01 22:13:52,953 __main__ INFO Qwen_Qwen2.5-32B-Instruct__arc_challenge: real=0.9400 null=0.2339 dependence=0.7061
2026-09-01 22:13:52,998 __main__ INFO Qwen_Qwen2.5-32B-Instruct__hellaswag: real=0.9280 null=0.2470 dependence=0.6810
2026-09-01 22:13:53,049 __main__ INFO Qwen_Qwen2.5-32B-Instruct__logiqa: real=0.7735 null=0.2575 dependence=0.5160
2026-09-01 22:13:53,094 __main__ INFO Qwen_Qwen2.5-32B-Instruct__openbookqa: real=0.9611 null=0.2473 dependence=0.7138
2026-09-01 22:13:53,145 __main__ INFO Qwen_Qwen2.5-3B-Instruct__aqua: real=0.3530 null=0.2004 dependence=0.1526
2026-09-01 22:13:53,230 __main__ INFO Qwen_Qwen2.5-3B-Instruct__arc_challenge: real=0.7725 null=0.2324 dependence=0.5401
2026-09-01 22:13:53,280 __main__ INFO Qwen_Qwen2.5-3B-Instruct__hellaswag: real=0.7675 null=0.2452 dependence=0.5223
2026-09-01 22:13:53,334 __main__ INFO Qwen_Qwen2.5-3B-Instruct__logiqa: real=0.5595 null=0.2724 dependence=0.2871
2026-09-01 22:13:53,380 __main__ INFO Qwen_Qwen2.5-3B-Instruct__openbookqa: real=0.8355 null=0.2454 dependence=0.5901
2026-09-01 22:13:53,495 __main__ INFO Qwen_Qwen2.5-72B-Instruct__aqua: real=0.6338 null=0.2025 dependence=0.4313
2026-09-01 22:13:53,541 __main__ INFO Qwen_Qwen2.5-72B-Instruct__arc_challenge: real=0.9655 null=0.2360 dependence=0.7295
2026-09-01 22:13:53,622 __main__ INFO Qwen_Qwen2.5-72B-Instruct__hellaswag: real=0.9505 null=0.2517 dependence=0.6988
2026-09-01 22:13:53,673 __main__ INFO Qwen_Qwen2.5-72B-Instruct__logiqa: real=0.7420 null=0.2598 dependence=0.4822
2026-09-01 22:13:53,717 __main__ INFO Qwen_Qwen2.5-72B-Instruct__openbookqa: real=0.9832 null=0.2444 dependence=0.7387
2026-09-01 22:13:53,766 __main__ INFO Qwen_Qwen2.5-7B-Instruct__aqua: real=0.4641 null=0.2143 dependence=0.2499
2026-09-01 22:13:53,812 __main__ INFO Qwen_Qwen2.5-7B-Instruct__arc_challenge: real=0.8460 null=0.2360 dependence=0.6100
2026-09-01 22:13:53,860 __main__ INFO Qwen_Qwen2.5-7B-Instruct__hellaswag: real=0.8215 null=0.2480 dependence=0.5735
2026-09-01 22:13:53,912 __main__ INFO Qwen_Qwen2.5-7B-Instruct__logiqa: real=0.6795 null=0.2659 dependence=0.4136
2026-09-01 22:13:53,957 __main__ INFO Qwen_Qwen2.5-7B-Instruct__openbookqa: real=0.8655 null=0.2439 dependence=0.6216
2026-09-01 22:13:54,007 __main__ INFO allenai_OLMo-2-0325-32B-Instruct__aqua: real=0.3622 null=0.2080 dependence=0.1542
2026-09-01 22:13:54,051 __main__ INFO allenai_OLMo-2-0325-32B-Instruct__arc_challenge: real=0.9165 null=0.2390 dependence=0.6775
2026-09-01 22:13:54,095 __main__ INFO allenai_OLMo-2-0325-32B-Instruct__hellaswag: real=0.8290 null=0.2446 dependence=0.5844
2026-09-01 22:13:54,190 __main__ INFO allenai_OLMo-2-0325-32B-Instruct__logiqa: real=0.6875 null=0.2753 dependence=0.4122
2026-09-01 22:13:54,234 __main__ INFO allenai_OLMo-2-0325-32B-Instruct__openbookqa: real=0.9165 null=0.2450 dependence=0.6715
2026-09-01 22:13:54,298 __main__ INFO allenai_OLMo-2-0425-1B-Instruct__aqua: real=0.2375 null=0.2178 dependence=0.0197
2026-09-01 22:13:54,350 __main__ INFO allenai_OLMo-2-0425-1B-Instruct__arc_challenge: real=0.4170 null=0.2570 dependence=0.1600
2026-09-01 22:13:54,402 __main__ INFO allenai_OLMo-2-0425-1B-Instruct__hellaswag: real=0.3800 null=0.2834 dependence=0.0966
2026-09-01 22:13:54,460 __main__ INFO allenai_OLMo-2-0425-1B-Instruct__logiqa: real=0.3880 null=0.3429 dependence=0.0451
2026-09-01 22:13:54,509 __main__ INFO allenai_OLMo-2-0425-1B-Instruct__openbookqa: real=0.4170 null=0.2944 dependence=0.1226
2026-09-01 22:13:54,561 __main__ INFO allenai_OLMo-2-1124-13B-Instruct__aqua: real=0.2626 null=0.1996 dependence=0.0631
2026-09-01 22:13:54,608 __main__ INFO allenai_OLMo-2-1124-13B-Instruct__arc_challenge: real=0.8245 null=0.2319 dependence=0.5926
2026-09-01 22:13:54,655 __main__ INFO allenai_OLMo-2-1124-13B-Instruct__hellaswag: real=0.7445 null=0.2533 dependence=0.4912
2026-09-01 22:13:54,709 __main__ INFO allenai_OLMo-2-1124-13B-Instruct__logiqa: real=0.5520 null=0.2579 dependence=0.2941
2026-09-01 22:13:54,793 __main__ INFO allenai_OLMo-2-1124-13B-Instruct__openbookqa: real=0.8620 null=0.2443 dependence=0.6177
2026-09-01 22:13:54,843 __main__ INFO allenai_OLMo-2-1124-7B-Instruct__aqua: real=0.2395 null=0.2318 dependence=0.0077
2026-09-01 22:13:54,884 __main__ INFO allenai_OLMo-2-1124-7B-Instruct__arc_challenge: real=0.7205 null=0.2265 dependence=0.4940
2026-09-01 22:13:54,932 __main__ INFO allenai_OLMo-2-1124-7B-Instruct__hellaswag: real=0.6055 null=0.2428 dependence=0.3627
2026-09-01 22:13:54,983 __main__ INFO allenai_OLMo-2-1124-7B-Instruct__logiqa: real=0.5247 null=0.3194 dependence=0.2054
2026-09-01 22:13:55,023 __main__ INFO allenai_OLMo-2-1124-7B-Instruct__openbookqa: real=0.7770 null=0.2438 dependence=0.5332
2026-09-01 22:13:55,161 __main__ INFO meta-llama_Llama-3.1-70B-Instruct__aqua: real=0.4878 null=0.2028 dependence=0.2850
2026-09-01 22:13:55,205 __main__ INFO meta-llama_Llama-3.1-70B-Instruct__arc_challenge: real=0.9278 null=0.2372 dependence=0.6906
2026-09-01 22:13:55,249 __main__ INFO meta-llama_Llama-3.1-70B-Instruct__hellaswag: real=0.8919 null=0.2443 dependence=0.6476
2026-09-01 22:13:55,295 __main__ INFO meta-llama_Llama-3.1-70B-Instruct__logiqa: real=0.7325 null=0.2566 dependence=0.4759
2026-09-01 22:13:55,339 __main__ INFO meta-llama_Llama-3.1-70B-Instruct__openbookqa: real=0.9300 null=0.2484 dependence=0.6816
2026-09-01 22:13:55,386 __main__ INFO meta-llama_Llama-3.1-8B-Instruct__aqua: real=0.2875 null=0.1928 dependence=0.0947
2026-09-01 22:13:55,431 __main__ INFO meta-llama_Llama-3.1-8B-Instruct__arc_challenge: real=0.7770 null=0.2446 dependence=0.5324
2026-09-01 22:13:55,475 __main__ INFO meta-llama_Llama-3.1-8B-Instruct__hellaswag: real=0.7170 null=0.2456 dependence=0.4714
2026-09-01 22:13:55,522 __main__ INFO meta-llama_Llama-3.1-8B-Instruct__logiqa: real=0.5055 null=0.2606 dependence=0.2449
2026-09-01 22:13:55,565 __main__ INFO meta-llama_Llama-3.1-8B-Instruct__openbookqa: real=0.8235 null=0.2468 dependence=0.5767
2026-09-01 22:13:55,613 __main__ INFO meta-llama_Llama-3.2-1B-Instruct__aqua: real=0.2270 null=0.2078 dependence=0.0192
2026-09-01 22:13:55,694 __main__ INFO meta-llama_Llama-3.2-1B-Instruct__arc_challenge: real=0.5020 null=0.2362 dependence=0.2658
2026-09-01 22:13:55,739 __main__ INFO meta-llama_Llama-3.2-1B-Instruct__hellaswag: real=0.3220 null=0.2473 dependence=0.0747
2026-09-01 22:13:55,786 __main__ INFO meta-llama_Llama-3.2-1B-Instruct__logiqa: real=0.3190 null=0.2469 dependence=0.0721
2026-09-01 22:13:55,830 __main__ INFO meta-llama_Llama-3.2-1B-Instruct__openbookqa: real=0.5770 null=0.2557 dependence=0.3213
2026-09-01 22:13:55,878 __main__ INFO meta-llama_Llama-3.2-3B-Instruct__aqua: real=0.3066 null=0.2165 dependence=0.0900
2026-09-01 22:13:55,922 __main__ INFO meta-llama_Llama-3.2-3B-Instruct__arc_challenge: real=0.7025 null=0.2321 dependence=0.4704
2026-09-01 22:13:55,965 __main__ INFO meta-llama_Llama-3.2-3B-Instruct__hellaswag: real=0.6020 null=0.2503 dependence=0.3517
2026-09-01 22:13:56,012 __main__ INFO meta-llama_Llama-3.2-3B-Instruct__logiqa: real=0.4055 null=0.2596 dependence=0.1459
2026-09-01 22:13:56,055 __main__ INFO meta-llama_Llama-3.2-3B-Instruct__openbookqa: real=0.7570 null=0.2461 dependence=0.5109
2026-09-01 22:14:04,223 src.utils.config INFO Saved run config to results/final_dependence/config.json
